------------------------------------------------------------
Timing Analyzer Summary
------------------------------------------------------------

Type  : Slow 1100mV 100C Model Setup 'FPGA_CLK1_50'
Slack : 2.110
TNS   : 0.000

Type  : Slow 1100mV 100C Model Setup 'pt|DE10_NANO_D8M_RTL_INST|pll2|video_pll_inst|altera_pll_i|general[1].gpll~PLL_OUTPUT_COUNTER|divclk'
Slack : 5.223
TNS   : 0.000

Type  : Slow 1100mV 100C Model Setup 'altera_reserved_tck'
Slack : 9.588
TNS   : 0.000

Type  : Slow 1100mV 100C Model Setup 'pt|DE10_NANO_D8M_RTL_INST|pll1|audio_pll_inst|altera_pll_i|general[0].gpll~PLL_OUTPUT_COUNTER|divclk'
Slack : 649.009
TNS   : 0.000

Type  : Slow 1100mV 100C Model Hold 'FPGA_CLK1_50'
Slack : 0.341
TNS   : 0.000

Type  : Slow 1100mV 100C Model Hold 'pt|DE10_NANO_D8M_RTL_INST|pll2|video_pll_inst|altera_pll_i|general[1].gpll~PLL_OUTPUT_COUNTER|divclk'
Slack : 0.368
TNS   : 0.000

Type  : Slow 1100mV 100C Model Hold 'altera_reserved_tck'
Slack : 0.452
TNS   : 0.000

Type  : Slow 1100mV 100C Model Hold 'pt|DE10_NANO_D8M_RTL_INST|pll1|audio_pll_inst|altera_pll_i|general[0].gpll~PLL_OUTPUT_COUNTER|divclk'
Slack : 0.619
TNS   : 0.000

Type  : Slow 1100mV 100C Model Recovery 'pt|DE10_NANO_D8M_RTL_INST|pll1|audio_pll_inst|altera_pll_i|general[0].gpll~PLL_OUTPUT_COUNTER|divclk'
Slack : -5.321
TNS   : -94.554

Type  : Slow 1100mV 100C Model Recovery 'FPGA_CLK1_50'
Slack : 10.104
TNS   : 0.000

Type  : Slow 1100mV 100C Model Recovery 'pt|DE10_NANO_D8M_RTL_INST|pll2|video_pll_inst|altera_pll_i|general[1].gpll~PLL_OUTPUT_COUNTER|divclk'
Slack : 13.248
TNS   : 0.000

Type  : Slow 1100mV 100C Model Recovery 'altera_reserved_tck'
Slack : 17.204
TNS   : 0.000

Type  : Slow 1100mV 100C Model Removal 'FPGA_CLK1_50'
Slack : 0.719
TNS   : 0.000

Type  : Slow 1100mV 100C Model Removal 'altera_reserved_tck'
Slack : 0.971
TNS   : 0.000

Type  : Slow 1100mV 100C Model Removal 'pt|DE10_NANO_D8M_RTL_INST|pll1|audio_pll_inst|altera_pll_i|general[0].gpll~PLL_OUTPUT_COUNTER|divclk'
Slack : 1.468
TNS   : 0.000

Type  : Slow 1100mV 100C Model Removal 'pt|DE10_NANO_D8M_RTL_INST|pll2|video_pll_inst|altera_pll_i|general[1].gpll~PLL_OUTPUT_COUNTER|divclk'
Slack : 1.597
TNS   : 0.000

Type  : Slow 1100mV 100C Model Minimum Pulse Width 'pt|DE10_NANO_D8M_RTL_INST|pll1|audio_pll_inst|altera_pll_i|general[0].gpll~FRACTIONAL_PLL|vcoph[0]'
Slack : 1.600
TNS   : 0.000

Type  : Slow 1100mV 100C Model Minimum Pulse Width 'pt|DE10_NANO_D8M_RTL_INST|pll2|video_pll_inst|altera_pll_i|general[0].gpll~FRACTIONAL_PLL|vcoph[0]'
Slack : 1.666
TNS   : 0.000

Type  : Slow 1100mV 100C Model Minimum Pulse Width 'FPGA_CLK1_50'
Slack : 8.811
TNS   : 0.000

Type  : Slow 1100mV 100C Model Minimum Pulse Width 'FPGA_CLK2_50'
Slack : 9.730
TNS   : 0.000

Type  : Slow 1100mV 100C Model Minimum Pulse Width 'pt|DE10_NANO_D8M_RTL_INST|pll2|video_pll_inst|altera_pll_i|general[1].gpll~PLL_OUTPUT_COUNTER|divclk'
Slack : 18.553
TNS   : 0.000

Type  : Slow 1100mV 100C Model Minimum Pulse Width 'altera_reserved_tck'
Slack : 18.789
TNS   : 0.000

Type  : Slow 1100mV 100C Model Minimum Pulse Width 'pt|DE10_NANO_D8M_RTL_INST|pll1|audio_pll_inst|altera_pll_i|general[0].gpll~PLL_OUTPUT_COUNTER|divclk'
Slack : 325.417
TNS   : 0.000

Type  : Slow 1100mV -40C Model Setup 'FPGA_CLK1_50'
Slack : 2.096
TNS   : 0.000

Type  : Slow 1100mV -40C Model Setup 'pt|DE10_NANO_D8M_RTL_INST|pll2|video_pll_inst|altera_pll_i|general[1].gpll~PLL_OUTPUT_COUNTER|divclk'
Slack : 6.444
TNS   : 0.000

Type  : Slow 1100mV -40C Model Setup 'altera_reserved_tck'
Slack : 9.721
TNS   : 0.000

Type  : Slow 1100mV -40C Model Setup 'pt|DE10_NANO_D8M_RTL_INST|pll1|audio_pll_inst|altera_pll_i|general[0].gpll~PLL_OUTPUT_COUNTER|divclk'
Slack : 648.914
TNS   : 0.000

Type  : Slow 1100mV -40C Model Hold 'FPGA_CLK1_50'
Slack : 0.321
TNS   : 0.000

Type  : Slow 1100mV -40C Model Hold 'pt|DE10_NANO_D8M_RTL_INST|pll2|video_pll_inst|altera_pll_i|general[1].gpll~PLL_OUTPUT_COUNTER|divclk'
Slack : 0.346
TNS   : 0.000

Type  : Slow 1100mV -40C Model Hold 'altera_reserved_tck'
Slack : 0.429
TNS   : 0.000

Type  : Slow 1100mV -40C Model Hold 'pt|DE10_NANO_D8M_RTL_INST|pll1|audio_pll_inst|altera_pll_i|general[0].gpll~PLL_OUTPUT_COUNTER|divclk'
Slack : 0.699
TNS   : 0.000

Type  : Slow 1100mV -40C Model Recovery 'pt|DE10_NANO_D8M_RTL_INST|pll1|audio_pll_inst|altera_pll_i|general[0].gpll~PLL_OUTPUT_COUNTER|divclk'
Slack : -4.824
TNS   : -85.880

Type  : Slow 1100mV -40C Model Recovery 'FPGA_CLK1_50'
Slack : 10.641
TNS   : 0.000

Type  : Slow 1100mV -40C Model Recovery 'pt|DE10_NANO_D8M_RTL_INST|pll2|video_pll_inst|altera_pll_i|general[1].gpll~PLL_OUTPUT_COUNTER|divclk'
Slack : 13.839
TNS   : 0.000

Type  : Slow 1100mV -40C Model Recovery 'altera_reserved_tck'
Slack : 17.404
TNS   : 0.000

Type  : Slow 1100mV -40C Model Removal 'FPGA_CLK1_50'
Slack : 0.639
TNS   : 0.000

Type  : Slow 1100mV -40C Model Removal 'altera_reserved_tck'
Slack : 0.923
TNS   : 0.000

Type  : Slow 1100mV -40C Model Removal 'pt|DE10_NANO_D8M_RTL_INST|pll1|audio_pll_inst|altera_pll_i|general[0].gpll~PLL_OUTPUT_COUNTER|divclk'
Slack : 1.260
TNS   : 0.000

Type  : Slow 1100mV -40C Model Removal 'pt|DE10_NANO_D8M_RTL_INST|pll2|video_pll_inst|altera_pll_i|general[1].gpll~PLL_OUTPUT_COUNTER|divclk'
Slack : 1.277
TNS   : 0.000

Type  : Slow 1100mV -40C Model Minimum Pulse Width 'pt|DE10_NANO_D8M_RTL_INST|pll1|audio_pll_inst|altera_pll_i|general[0].gpll~FRACTIONAL_PLL|vcoph[0]'
Slack : 1.600
TNS   : 0.000

Type  : Slow 1100mV -40C Model Minimum Pulse Width 'pt|DE10_NANO_D8M_RTL_INST|pll2|video_pll_inst|altera_pll_i|general[0].gpll~FRACTIONAL_PLL|vcoph[0]'
Slack : 1.666
TNS   : 0.000

Type  : Slow 1100mV -40C Model Minimum Pulse Width 'FPGA_CLK1_50'
Slack : 8.809
TNS   : 0.000

Type  : Slow 1100mV -40C Model Minimum Pulse Width 'FPGA_CLK2_50'
Slack : 9.754
TNS   : 0.000

Type  : Slow 1100mV -40C Model Minimum Pulse Width 'pt|DE10_NANO_D8M_RTL_INST|pll2|video_pll_inst|altera_pll_i|general[1].gpll~PLL_OUTPUT_COUNTER|divclk'
Slack : 18.536
TNS   : 0.000

Type  : Slow 1100mV -40C Model Minimum Pulse Width 'altera_reserved_tck'
Slack : 18.797
TNS   : 0.000

Type  : Slow 1100mV -40C Model Minimum Pulse Width 'pt|DE10_NANO_D8M_RTL_INST|pll1|audio_pll_inst|altera_pll_i|general[0].gpll~PLL_OUTPUT_COUNTER|divclk'
Slack : 325.432
TNS   : 0.000

Type  : Fast 1100mV 100C Model Setup 'FPGA_CLK1_50'
Slack : 7.619
TNS   : 0.000

Type  : Fast 1100mV 100C Model Setup 'pt|DE10_NANO_D8M_RTL_INST|pll2|video_pll_inst|altera_pll_i|general[1].gpll~PLL_OUTPUT_COUNTER|divclk'
Slack : 9.817
TNS   : 0.000

Type  : Fast 1100mV 100C Model Setup 'altera_reserved_tck'
Slack : 12.295
TNS   : 0.000

Type  : Fast 1100mV 100C Model Setup 'pt|DE10_NANO_D8M_RTL_INST|pll1|audio_pll_inst|altera_pll_i|general[0].gpll~PLL_OUTPUT_COUNTER|divclk'
Slack : 651.114
TNS   : 0.000

Type  : Fast 1100mV 100C Model Hold 'altera_reserved_tck'
Slack : 0.158
TNS   : 0.000

Type  : Fast 1100mV 100C Model Hold 'FPGA_CLK1_50'
Slack : 0.178
TNS   : 0.000

Type  : Fast 1100mV 100C Model Hold 'pt|DE10_NANO_D8M_RTL_INST|pll2|video_pll_inst|altera_pll_i|general[1].gpll~PLL_OUTPUT_COUNTER|divclk'
Slack : 0.189
TNS   : 0.000

Type  : Fast 1100mV 100C Model Hold 'pt|DE10_NANO_D8M_RTL_INST|pll1|audio_pll_inst|altera_pll_i|general[0].gpll~PLL_OUTPUT_COUNTER|divclk'
Slack : 0.402
TNS   : 0.000

Type  : Fast 1100mV 100C Model Recovery 'pt|DE10_NANO_D8M_RTL_INST|pll1|audio_pll_inst|altera_pll_i|general[0].gpll~PLL_OUTPUT_COUNTER|divclk'
Slack : -3.298
TNS   : -59.216

Type  : Fast 1100mV 100C Model Recovery 'FPGA_CLK1_50'
Slack : 13.496
TNS   : 0.000

Type  : Fast 1100mV 100C Model Recovery 'pt|DE10_NANO_D8M_RTL_INST|pll2|video_pll_inst|altera_pll_i|general[1].gpll~PLL_OUTPUT_COUNTER|divclk'
Slack : 15.030
TNS   : 0.000

Type  : Fast 1100mV 100C Model Recovery 'altera_reserved_tck'
Slack : 18.925
TNS   : 0.000

Type  : Fast 1100mV 100C Model Removal 'FPGA_CLK1_50'
Slack : 0.333
TNS   : 0.000

Type  : Fast 1100mV 100C Model Removal 'altera_reserved_tck'
Slack : 0.344
TNS   : 0.000

Type  : Fast 1100mV 100C Model Removal 'pt|DE10_NANO_D8M_RTL_INST|pll1|audio_pll_inst|altera_pll_i|general[0].gpll~PLL_OUTPUT_COUNTER|divclk'
Slack : 1.119
TNS   : 0.000

Type  : Fast 1100mV 100C Model Removal 'pt|DE10_NANO_D8M_RTL_INST|pll2|video_pll_inst|altera_pll_i|general[1].gpll~PLL_OUTPUT_COUNTER|divclk'
Slack : 1.426
TNS   : 0.000

Type  : Fast 1100mV 100C Model Minimum Pulse Width 'pt|DE10_NANO_D8M_RTL_INST|pll1|audio_pll_inst|altera_pll_i|general[0].gpll~FRACTIONAL_PLL|vcoph[0]'
Slack : 1.600
TNS   : 0.000

Type  : Fast 1100mV 100C Model Minimum Pulse Width 'pt|DE10_NANO_D8M_RTL_INST|pll2|video_pll_inst|altera_pll_i|general[0].gpll~FRACTIONAL_PLL|vcoph[0]'
Slack : 1.666
TNS   : 0.000

Type  : Fast 1100mV 100C Model Minimum Pulse Width 'FPGA_CLK1_50'
Slack : 8.489
TNS   : 0.000

Type  : Fast 1100mV 100C Model Minimum Pulse Width 'FPGA_CLK2_50'
Slack : 9.347
TNS   : 0.000

Type  : Fast 1100mV 100C Model Minimum Pulse Width 'altera_reserved_tck'
Slack : 18.725
TNS   : 0.000

Type  : Fast 1100mV 100C Model Minimum Pulse Width 'pt|DE10_NANO_D8M_RTL_INST|pll2|video_pll_inst|altera_pll_i|general[1].gpll~PLL_OUTPUT_COUNTER|divclk'
Slack : 18.880
TNS   : 0.000

Type  : Fast 1100mV 100C Model Minimum Pulse Width 'pt|DE10_NANO_D8M_RTL_INST|pll1|audio_pll_inst|altera_pll_i|general[0].gpll~PLL_OUTPUT_COUNTER|divclk'
Slack : 325.926
TNS   : 0.000

Type  : Fast 1100mV -40C Model Setup 'FPGA_CLK1_50'
Slack : 8.072
TNS   : 0.000

Type  : Fast 1100mV -40C Model Setup 'pt|DE10_NANO_D8M_RTL_INST|pll2|video_pll_inst|altera_pll_i|general[1].gpll~PLL_OUTPUT_COUNTER|divclk'
Slack : 12.163
TNS   : 0.000

Type  : Fast 1100mV -40C Model Setup 'altera_reserved_tck'
Slack : 12.676
TNS   : 0.000

Type  : Fast 1100mV -40C Model Setup 'pt|DE10_NANO_D8M_RTL_INST|pll1|audio_pll_inst|altera_pll_i|general[0].gpll~PLL_OUTPUT_COUNTER|divclk'
Slack : 651.281
TNS   : 0.000

Type  : Fast 1100mV -40C Model Hold 'altera_reserved_tck'
Slack : 0.117
TNS   : 0.000

Type  : Fast 1100mV -40C Model Hold 'FPGA_CLK1_50'
Slack : 0.152
TNS   : 0.000

Type  : Fast 1100mV -40C Model Hold 'pt|DE10_NANO_D8M_RTL_INST|pll2|video_pll_inst|altera_pll_i|general[1].gpll~PLL_OUTPUT_COUNTER|divclk'
Slack : 0.166
TNS   : 0.000

Type  : Fast 1100mV -40C Model Hold 'pt|DE10_NANO_D8M_RTL_INST|pll1|audio_pll_inst|altera_pll_i|general[0].gpll~PLL_OUTPUT_COUNTER|divclk'
Slack : 0.383
TNS   : 0.000

Type  : Fast 1100mV -40C Model Recovery 'pt|DE10_NANO_D8M_RTL_INST|pll1|audio_pll_inst|altera_pll_i|general[0].gpll~PLL_OUTPUT_COUNTER|divclk'
Slack : -2.355
TNS   : -42.348

Type  : Fast 1100mV -40C Model Recovery 'FPGA_CLK1_50'
Slack : 14.748
TNS   : 0.000

Type  : Fast 1100mV -40C Model Recovery 'pt|DE10_NANO_D8M_RTL_INST|pll2|video_pll_inst|altera_pll_i|general[1].gpll~PLL_OUTPUT_COUNTER|divclk'
Slack : 16.220
TNS   : 0.000

Type  : Fast 1100mV -40C Model Recovery 'altera_reserved_tck'
Slack : 19.250
TNS   : 0.000

Type  : Fast 1100mV -40C Model Removal 'FPGA_CLK1_50'
Slack : 0.250
TNS   : 0.000

Type  : Fast 1100mV -40C Model Removal 'altera_reserved_tck'
Slack : 0.283
TNS   : 0.000

Type  : Fast 1100mV -40C Model Removal 'pt|DE10_NANO_D8M_RTL_INST|pll1|audio_pll_inst|altera_pll_i|general[0].gpll~PLL_OUTPUT_COUNTER|divclk'
Slack : 0.606
TNS   : 0.000

Type  : Fast 1100mV -40C Model Removal 'pt|DE10_NANO_D8M_RTL_INST|pll2|video_pll_inst|altera_pll_i|general[1].gpll~PLL_OUTPUT_COUNTER|divclk'
Slack : 0.881
TNS   : 0.000

Type  : Fast 1100mV -40C Model Minimum Pulse Width 'pt|DE10_NANO_D8M_RTL_INST|pll1|audio_pll_inst|altera_pll_i|general[0].gpll~FRACTIONAL_PLL|vcoph[0]'
Slack : 1.600
TNS   : 0.000

Type  : Fast 1100mV -40C Model Minimum Pulse Width 'pt|DE10_NANO_D8M_RTL_INST|pll2|video_pll_inst|altera_pll_i|general[0].gpll~FRACTIONAL_PLL|vcoph[0]'
Slack : 1.666
TNS   : 0.000

Type  : Fast 1100mV -40C Model Minimum Pulse Width 'FPGA_CLK1_50'
Slack : 8.416
TNS   : 0.000

Type  : Fast 1100mV -40C Model Minimum Pulse Width 'FPGA_CLK2_50'
Slack : 9.274
TNS   : 0.000

Type  : Fast 1100mV -40C Model Minimum Pulse Width 'altera_reserved_tck'
Slack : 18.731
TNS   : 0.000

Type  : Fast 1100mV -40C Model Minimum Pulse Width 'pt|DE10_NANO_D8M_RTL_INST|pll2|video_pll_inst|altera_pll_i|general[1].gpll~PLL_OUTPUT_COUNTER|divclk'
Slack : 18.885
TNS   : 0.000

Type  : Fast 1100mV -40C Model Minimum Pulse Width 'pt|DE10_NANO_D8M_RTL_INST|pll1|audio_pll_inst|altera_pll_i|general[0].gpll~PLL_OUTPUT_COUNTER|divclk'
Slack : 325.935
TNS   : 0.000

------------------------------------------------------------
