------------------------------------------------------------
Timing Analyzer Summary
------------------------------------------------------------

Type  : Slow 1100mV 100C Model Setup 'FPGA_CLK3_50'
Slack : 2.520
TNS   : 0.000

Type  : Slow 1100mV 100C Model Setup 'FPGA_CLK1_50'
Slack : 3.768
TNS   : 0.000

Type  : Slow 1100mV 100C Model Setup 'pt|DE10_NANO_D8M_RTL_INST|pll2|video_pll_inst|altera_pll_i|general[1].gpll~PLL_OUTPUT_COUNTER|divclk'
Slack : 7.229
TNS   : 0.000

Type  : Slow 1100mV 100C Model Setup 'altera_reserved_tck'
Slack : 9.588
TNS   : 0.000

Type  : Slow 1100mV 100C Model Setup 'pt|DE10_NANO_D8M_RTL_INST|pll1|audio_pll_inst|altera_pll_i|general[0].gpll~PLL_OUTPUT_COUNTER|divclk'
Slack : 648.824
TNS   : 0.000

Type  : Slow 1100mV 100C Model Hold 'altera_reserved_tck'
Slack : 0.156
TNS   : 0.000

Type  : Slow 1100mV 100C Model Hold 'FPGA_CLK1_50'
Slack : 0.169
TNS   : 0.000

Type  : Slow 1100mV 100C Model Hold 'FPGA_CLK3_50'
Slack : 0.352
TNS   : 0.000

Type  : Slow 1100mV 100C Model Hold 'pt|DE10_NANO_D8M_RTL_INST|pll2|video_pll_inst|altera_pll_i|general[1].gpll~PLL_OUTPUT_COUNTER|divclk'
Slack : 0.415
TNS   : 0.000

Type  : Slow 1100mV 100C Model Hold 'pt|DE10_NANO_D8M_RTL_INST|pll1|audio_pll_inst|altera_pll_i|general[0].gpll~PLL_OUTPUT_COUNTER|divclk'
Slack : 0.573
TNS   : 0.000

Type  : Slow 1100mV 100C Model Recovery 'pt|DE10_NANO_D8M_RTL_INST|pll1|audio_pll_inst|altera_pll_i|general[0].gpll~PLL_OUTPUT_COUNTER|divclk'
Slack : -5.512
TNS   : -81.534

Type  : Slow 1100mV 100C Model Recovery 'FPGA_CLK3_50'
Slack : 8.331
TNS   : 0.000

Type  : Slow 1100mV 100C Model Recovery 'FPGA_CLK1_50'
Slack : 11.471
TNS   : 0.000

Type  : Slow 1100mV 100C Model Recovery 'pt|DE10_NANO_D8M_RTL_INST|pll2|video_pll_inst|altera_pll_i|general[1].gpll~PLL_OUTPUT_COUNTER|divclk'
Slack : 11.495
TNS   : 0.000

Type  : Slow 1100mV 100C Model Recovery 'altera_reserved_tck'
Slack : 17.307
TNS   : 0.000

Type  : Slow 1100mV 100C Model Removal 'altera_reserved_tck'
Slack : 0.994
TNS   : 0.000

Type  : Slow 1100mV 100C Model Removal 'pt|DE10_NANO_D8M_RTL_INST|pll1|audio_pll_inst|altera_pll_i|general[0].gpll~PLL_OUTPUT_COUNTER|divclk'
Slack : 1.186
TNS   : 0.000

Type  : Slow 1100mV 100C Model Removal 'FPGA_CLK1_50'
Slack : 1.195
TNS   : 0.000

Type  : Slow 1100mV 100C Model Removal 'pt|DE10_NANO_D8M_RTL_INST|pll2|video_pll_inst|altera_pll_i|general[1].gpll~PLL_OUTPUT_COUNTER|divclk'
Slack : 2.587
TNS   : 0.000

Type  : Slow 1100mV 100C Model Removal 'FPGA_CLK3_50'
Slack : 4.810
TNS   : 0.000

Type  : Slow 1100mV 100C Model Minimum Pulse Width 'pt|DE10_NANO_D8M_RTL_INST|pll1|audio_pll_inst|altera_pll_i|general[0].gpll~FRACTIONAL_PLL|vcoph[0]'
Slack : 1.600
TNS   : 0.000

Type  : Slow 1100mV 100C Model Minimum Pulse Width 'pt|DE10_NANO_D8M_RTL_INST|pll2|video_pll_inst|altera_pll_i|general[0].gpll~FRACTIONAL_PLL|vcoph[0]'
Slack : 1.666
TNS   : 0.000

Type  : Slow 1100mV 100C Model Minimum Pulse Width 'FPGA_CLK1_50'
Slack : 8.816
TNS   : 0.000

Type  : Slow 1100mV 100C Model Minimum Pulse Width 'FPGA_CLK3_50'
Slack : 9.170
TNS   : 0.000

Type  : Slow 1100mV 100C Model Minimum Pulse Width 'FPGA_CLK2_50'
Slack : 9.730
TNS   : 0.000

Type  : Slow 1100mV 100C Model Minimum Pulse Width 'pt|DE10_NANO_D8M_RTL_INST|pll2|video_pll_inst|altera_pll_i|general[1].gpll~PLL_OUTPUT_COUNTER|divclk'
Slack : 18.553
TNS   : 0.000

Type  : Slow 1100mV 100C Model Minimum Pulse Width 'altera_reserved_tck'
Slack : 18.751
TNS   : 0.000

Type  : Slow 1100mV 100C Model Minimum Pulse Width 'pt|DE10_NANO_D8M_RTL_INST|pll1|audio_pll_inst|altera_pll_i|general[0].gpll~PLL_OUTPUT_COUNTER|divclk'
Slack : 325.414
TNS   : 0.000

Type  : Slow 1100mV -40C Model Setup 'FPGA_CLK3_50'
Slack : 2.649
TNS   : 0.000

Type  : Slow 1100mV -40C Model Setup 'FPGA_CLK1_50'
Slack : 3.903
TNS   : 0.000

Type  : Slow 1100mV -40C Model Setup 'pt|DE10_NANO_D8M_RTL_INST|pll2|video_pll_inst|altera_pll_i|general[1].gpll~PLL_OUTPUT_COUNTER|divclk'
Slack : 8.231
TNS   : 0.000

Type  : Slow 1100mV -40C Model Setup 'altera_reserved_tck'
Slack : 9.721
TNS   : 0.000

Type  : Slow 1100mV -40C Model Setup 'pt|DE10_NANO_D8M_RTL_INST|pll1|audio_pll_inst|altera_pll_i|general[0].gpll~PLL_OUTPUT_COUNTER|divclk'
Slack : 648.802
TNS   : 0.000

Type  : Slow 1100mV -40C Model Hold 'FPGA_CLK1_50'
Slack : 0.124
TNS   : 0.000

Type  : Slow 1100mV -40C Model Hold 'altera_reserved_tck'
Slack : 0.142
TNS   : 0.000

Type  : Slow 1100mV -40C Model Hold 'FPGA_CLK3_50'
Slack : 0.341
TNS   : 0.000

Type  : Slow 1100mV -40C Model Hold 'pt|DE10_NANO_D8M_RTL_INST|pll2|video_pll_inst|altera_pll_i|general[1].gpll~PLL_OUTPUT_COUNTER|divclk'
Slack : 0.418
TNS   : 0.000

Type  : Slow 1100mV -40C Model Hold 'pt|DE10_NANO_D8M_RTL_INST|pll1|audio_pll_inst|altera_pll_i|general[0].gpll~PLL_OUTPUT_COUNTER|divclk'
Slack : 0.624
TNS   : 0.000

Type  : Slow 1100mV -40C Model Recovery 'pt|DE10_NANO_D8M_RTL_INST|pll1|audio_pll_inst|altera_pll_i|general[0].gpll~PLL_OUTPUT_COUNTER|divclk'
Slack : -4.934
TNS   : -72.961

Type  : Slow 1100mV -40C Model Recovery 'FPGA_CLK3_50'
Slack : 9.020
TNS   : 0.000

Type  : Slow 1100mV -40C Model Recovery 'FPGA_CLK1_50'
Slack : 12.005
TNS   : 0.000

Type  : Slow 1100mV -40C Model Recovery 'pt|DE10_NANO_D8M_RTL_INST|pll2|video_pll_inst|altera_pll_i|general[1].gpll~PLL_OUTPUT_COUNTER|divclk'
Slack : 12.220
TNS   : 0.000

Type  : Slow 1100mV -40C Model Recovery 'altera_reserved_tck'
Slack : 17.484
TNS   : 0.000

Type  : Slow 1100mV -40C Model Removal 'altera_reserved_tck'
Slack : 0.924
TNS   : 0.000

Type  : Slow 1100mV -40C Model Removal 'pt|DE10_NANO_D8M_RTL_INST|pll1|audio_pll_inst|altera_pll_i|general[0].gpll~PLL_OUTPUT_COUNTER|divclk'
Slack : 0.964
TNS   : 0.000

Type  : Slow 1100mV -40C Model Removal 'FPGA_CLK1_50'
Slack : 1.132
TNS   : 0.000

Type  : Slow 1100mV -40C Model Removal 'pt|DE10_NANO_D8M_RTL_INST|pll2|video_pll_inst|altera_pll_i|general[1].gpll~PLL_OUTPUT_COUNTER|divclk'
Slack : 2.195
TNS   : 0.000

Type  : Slow 1100mV -40C Model Removal 'FPGA_CLK3_50'
Slack : 4.403
TNS   : 0.000

Type  : Slow 1100mV -40C Model Minimum Pulse Width 'pt|DE10_NANO_D8M_RTL_INST|pll1|audio_pll_inst|altera_pll_i|general[0].gpll~FRACTIONAL_PLL|vcoph[0]'
Slack : 1.600
TNS   : 0.000

Type  : Slow 1100mV -40C Model Minimum Pulse Width 'pt|DE10_NANO_D8M_RTL_INST|pll2|video_pll_inst|altera_pll_i|general[0].gpll~FRACTIONAL_PLL|vcoph[0]'
Slack : 1.666
TNS   : 0.000

Type  : Slow 1100mV -40C Model Minimum Pulse Width 'FPGA_CLK1_50'
Slack : 8.808
TNS   : 0.000

Type  : Slow 1100mV -40C Model Minimum Pulse Width 'FPGA_CLK3_50'
Slack : 9.276
TNS   : 0.000

Type  : Slow 1100mV -40C Model Minimum Pulse Width 'FPGA_CLK2_50'
Slack : 9.754
TNS   : 0.000

Type  : Slow 1100mV -40C Model Minimum Pulse Width 'pt|DE10_NANO_D8M_RTL_INST|pll2|video_pll_inst|altera_pll_i|general[1].gpll~PLL_OUTPUT_COUNTER|divclk'
Slack : 18.536
TNS   : 0.000

Type  : Slow 1100mV -40C Model Minimum Pulse Width 'altera_reserved_tck'
Slack : 18.771
TNS   : 0.000

Type  : Slow 1100mV -40C Model Minimum Pulse Width 'pt|DE10_NANO_D8M_RTL_INST|pll1|audio_pll_inst|altera_pll_i|general[0].gpll~PLL_OUTPUT_COUNTER|divclk'
Slack : 325.426
TNS   : 0.000

Type  : Fast 1100mV 100C Model Setup 'FPGA_CLK1_50'
Slack : 7.354
TNS   : 0.000

Type  : Fast 1100mV 100C Model Setup 'FPGA_CLK3_50'
Slack : 10.150
TNS   : 0.000

Type  : Fast 1100mV 100C Model Setup 'pt|DE10_NANO_D8M_RTL_INST|pll2|video_pll_inst|altera_pll_i|general[1].gpll~PLL_OUTPUT_COUNTER|divclk'
Slack : 11.351
TNS   : 0.000

Type  : Fast 1100mV 100C Model Setup 'altera_reserved_tck'
Slack : 12.295
TNS   : 0.000

Type  : Fast 1100mV 100C Model Setup 'pt|DE10_NANO_D8M_RTL_INST|pll1|audio_pll_inst|altera_pll_i|general[0].gpll~PLL_OUTPUT_COUNTER|divclk'
Slack : 650.922
TNS   : 0.000

Type  : Fast 1100mV 100C Model Hold 'altera_reserved_tck'
Slack : 0.025
TNS   : 0.000

Type  : Fast 1100mV 100C Model Hold 'FPGA_CLK1_50'
Slack : 0.107
TNS   : 0.000

Type  : Fast 1100mV 100C Model Hold 'FPGA_CLK3_50'
Slack : 0.181
TNS   : 0.000

Type  : Fast 1100mV 100C Model Hold 'pt|DE10_NANO_D8M_RTL_INST|pll2|video_pll_inst|altera_pll_i|general[1].gpll~PLL_OUTPUT_COUNTER|divclk'
Slack : 0.199
TNS   : 0.000

Type  : Fast 1100mV 100C Model Hold 'pt|DE10_NANO_D8M_RTL_INST|pll1|audio_pll_inst|altera_pll_i|general[0].gpll~PLL_OUTPUT_COUNTER|divclk'
Slack : 0.390
TNS   : 0.000

Type  : Fast 1100mV 100C Model Recovery 'pt|DE10_NANO_D8M_RTL_INST|pll1|audio_pll_inst|altera_pll_i|general[0].gpll~PLL_OUTPUT_COUNTER|divclk'
Slack : -3.609
TNS   : -53.359

Type  : Fast 1100mV 100C Model Recovery 'FPGA_CLK3_50'
Slack : 12.281
TNS   : 0.000

Type  : Fast 1100mV 100C Model Recovery 'pt|DE10_NANO_D8M_RTL_INST|pll2|video_pll_inst|altera_pll_i|general[1].gpll~PLL_OUTPUT_COUNTER|divclk'
Slack : 13.847
TNS   : 0.000

Type  : Fast 1100mV 100C Model Recovery 'FPGA_CLK1_50'
Slack : 14.367
TNS   : 0.000

Type  : Fast 1100mV 100C Model Recovery 'altera_reserved_tck'
Slack : 18.990
TNS   : 0.000

Type  : Fast 1100mV 100C Model Removal 'altera_reserved_tck'
Slack : 0.400
TNS   : 0.000

Type  : Fast 1100mV 100C Model Removal 'FPGA_CLK1_50'
Slack : 0.542
TNS   : 0.000

Type  : Fast 1100mV 100C Model Removal 'pt|DE10_NANO_D8M_RTL_INST|pll1|audio_pll_inst|altera_pll_i|general[0].gpll~PLL_OUTPUT_COUNTER|divclk'
Slack : 0.998
TNS   : 0.000

Type  : Fast 1100mV 100C Model Removal 'pt|DE10_NANO_D8M_RTL_INST|pll2|video_pll_inst|altera_pll_i|general[1].gpll~PLL_OUTPUT_COUNTER|divclk'
Slack : 2.030
TNS   : 0.000

Type  : Fast 1100mV 100C Model Removal 'FPGA_CLK3_50'
Slack : 2.862
TNS   : 0.000

Type  : Fast 1100mV 100C Model Minimum Pulse Width 'pt|DE10_NANO_D8M_RTL_INST|pll1|audio_pll_inst|altera_pll_i|general[0].gpll~FRACTIONAL_PLL|vcoph[0]'
Slack : 1.600
TNS   : 0.000

Type  : Fast 1100mV 100C Model Minimum Pulse Width 'pt|DE10_NANO_D8M_RTL_INST|pll2|video_pll_inst|altera_pll_i|general[0].gpll~FRACTIONAL_PLL|vcoph[0]'
Slack : 1.666
TNS   : 0.000

Type  : Fast 1100mV 100C Model Minimum Pulse Width 'FPGA_CLK1_50'
Slack : 8.491
TNS   : 0.000

Type  : Fast 1100mV 100C Model Minimum Pulse Width 'FPGA_CLK3_50'
Slack : 9.108
TNS   : 0.000

Type  : Fast 1100mV 100C Model Minimum Pulse Width 'FPGA_CLK2_50'
Slack : 9.347
TNS   : 0.000

Type  : Fast 1100mV 100C Model Minimum Pulse Width 'altera_reserved_tck'
Slack : 18.698
TNS   : 0.000

Type  : Fast 1100mV 100C Model Minimum Pulse Width 'pt|DE10_NANO_D8M_RTL_INST|pll2|video_pll_inst|altera_pll_i|general[1].gpll~PLL_OUTPUT_COUNTER|divclk'
Slack : 18.880
TNS   : 0.000

Type  : Fast 1100mV 100C Model Minimum Pulse Width 'pt|DE10_NANO_D8M_RTL_INST|pll1|audio_pll_inst|altera_pll_i|general[0].gpll~PLL_OUTPUT_COUNTER|divclk'
Slack : 325.946
TNS   : 0.000

Type  : Fast 1100mV -40C Model Setup 'FPGA_CLK1_50'
Slack : 7.860
TNS   : 0.000

Type  : Fast 1100mV -40C Model Setup 'FPGA_CLK3_50'
Slack : 11.551
TNS   : 0.000

Type  : Fast 1100mV -40C Model Setup 'altera_reserved_tck'
Slack : 12.676
TNS   : 0.000

Type  : Fast 1100mV -40C Model Setup 'pt|DE10_NANO_D8M_RTL_INST|pll2|video_pll_inst|altera_pll_i|general[1].gpll~PLL_OUTPUT_COUNTER|divclk'
Slack : 13.291
TNS   : 0.000

Type  : Fast 1100mV -40C Model Setup 'pt|DE10_NANO_D8M_RTL_INST|pll1|audio_pll_inst|altera_pll_i|general[0].gpll~PLL_OUTPUT_COUNTER|divclk'
Slack : 651.142
TNS   : 0.000

Type  : Fast 1100mV -40C Model Hold 'altera_reserved_tck'
Slack : 0.006
TNS   : 0.000

Type  : Fast 1100mV -40C Model Hold 'FPGA_CLK1_50'
Slack : 0.063
TNS   : 0.000

Type  : Fast 1100mV -40C Model Hold 'pt|DE10_NANO_D8M_RTL_INST|pll2|video_pll_inst|altera_pll_i|general[1].gpll~PLL_OUTPUT_COUNTER|divclk'
Slack : 0.155
TNS   : 0.000

Type  : Fast 1100mV -40C Model Hold 'FPGA_CLK3_50'
Slack : 0.157
TNS   : 0.000

Type  : Fast 1100mV -40C Model Hold 'pt|DE10_NANO_D8M_RTL_INST|pll1|audio_pll_inst|altera_pll_i|general[0].gpll~PLL_OUTPUT_COUNTER|divclk'
Slack : 0.359
TNS   : 0.000

Type  : Fast 1100mV -40C Model Recovery 'pt|DE10_NANO_D8M_RTL_INST|pll1|audio_pll_inst|altera_pll_i|general[0].gpll~PLL_OUTPUT_COUNTER|divclk'
Slack : -2.552
TNS   : -37.642

Type  : Fast 1100mV -40C Model Recovery 'FPGA_CLK3_50'
Slack : 13.820
TNS   : 0.000

Type  : Fast 1100mV -40C Model Recovery 'pt|DE10_NANO_D8M_RTL_INST|pll2|video_pll_inst|altera_pll_i|general[1].gpll~PLL_OUTPUT_COUNTER|divclk'
Slack : 15.321
TNS   : 0.000

Type  : Fast 1100mV -40C Model Recovery 'FPGA_CLK1_50'
Slack : 15.492
TNS   : 0.000

Type  : Fast 1100mV -40C Model Recovery 'altera_reserved_tck'
Slack : 19.285
TNS   : 0.000

Type  : Fast 1100mV -40C Model Removal 'altera_reserved_tck'
Slack : 0.329
TNS   : 0.000

Type  : Fast 1100mV -40C Model Removal 'FPGA_CLK1_50'
Slack : 0.465
TNS   : 0.000

Type  : Fast 1100mV -40C Model Removal 'pt|DE10_NANO_D8M_RTL_INST|pll1|audio_pll_inst|altera_pll_i|general[0].gpll~PLL_OUTPUT_COUNTER|divclk'
Slack : 0.537
TNS   : 0.000

Type  : Fast 1100mV -40C Model Removal 'pt|DE10_NANO_D8M_RTL_INST|pll2|video_pll_inst|altera_pll_i|general[1].gpll~PLL_OUTPUT_COUNTER|divclk'
Slack : 1.373
TNS   : 0.000

Type  : Fast 1100mV -40C Model Removal 'FPGA_CLK3_50'
Slack : 2.293
TNS   : 0.000

Type  : Fast 1100mV -40C Model Minimum Pulse Width 'pt|DE10_NANO_D8M_RTL_INST|pll1|audio_pll_inst|altera_pll_i|general[0].gpll~FRACTIONAL_PLL|vcoph[0]'
Slack : 1.600
TNS   : 0.000

Type  : Fast 1100mV -40C Model Minimum Pulse Width 'pt|DE10_NANO_D8M_RTL_INST|pll2|video_pll_inst|altera_pll_i|general[0].gpll~FRACTIONAL_PLL|vcoph[0]'
Slack : 1.666
TNS   : 0.000

Type  : Fast 1100mV -40C Model Minimum Pulse Width 'FPGA_CLK1_50'
Slack : 8.418
TNS   : 0.000

Type  : Fast 1100mV -40C Model Minimum Pulse Width 'FPGA_CLK3_50'
Slack : 9.048
TNS   : 0.000

Type  : Fast 1100mV -40C Model Minimum Pulse Width 'FPGA_CLK2_50'
Slack : 9.274
TNS   : 0.000

Type  : Fast 1100mV -40C Model Minimum Pulse Width 'altera_reserved_tck'
Slack : 18.713
TNS   : 0.000

Type  : Fast 1100mV -40C Model Minimum Pulse Width 'pt|DE10_NANO_D8M_RTL_INST|pll2|video_pll_inst|altera_pll_i|general[1].gpll~PLL_OUTPUT_COUNTER|divclk'
Slack : 18.885
TNS   : 0.000

Type  : Fast 1100mV -40C Model Minimum Pulse Width 'pt|DE10_NANO_D8M_RTL_INST|pll1|audio_pll_inst|altera_pll_i|general[0].gpll~PLL_OUTPUT_COUNTER|divclk'
Slack : 325.938
TNS   : 0.000

------------------------------------------------------------
